[2026-09-30 00:29:07.417] [info] No external loads will be applied (external loads file not specified).
[2026-09-30 00:29:07.418] [info] Executing the analyses from 0.0 to 0.2...
[2026-09-30 00:29:07.423] [cout] [info] time = 0.0 Performance = 0.0906733 Constraint violation = 1.3937e-06
[2026-09-30 00:29:07.424] [info] Bounds for 'flexor': 0.01 to 1.0.
[2026-09-30 00:29:07.424] [info] Bounds for 'extensor': 0.01 to 1.0.
[2026-09-30 00:29:07.424] [info] Bounds for 'reserve': -20.0 to 20.0.
[2026-09-30 00:29:07.427] [cout] [info] time = 0.01 Performance = 0.0906733 Constraint violation = 1.3937e-06
[2026-09-30 00:29:07.430] [cout] [info] time = 0.02 Performance = 0.0906733 Constraint violation = 1.3937e-06
[2026-09-30 00:29:07.433] [cout] [info] time = 0.03 Performance = 0.0906733 Constraint violation = 1.3937e-06
[2026-09-30 00:29:07.436] [cout] [info] time = 0.04 Performance = 0.0906733 Constraint violation = 1.3937e-06
[2026-09-30 00:29:07.440] [cout] [info] time = 0.05 Performance = 0.0906733 Constraint violation = 1.3937e-06
[2026-09-30 00:29:07.443] [cout] [info] time = 0.06 Performance = 0.0906733 Constraint violation = 1.3937e-06
[2026-09-30 00:29:07.446] [cout] [info] time = 0.07 Performance = 0.0906733 Constraint violation = 1.3937e-06
[2026-09-30 00:29:07.449] [cout] [info] time = 0.08 Performance = 0.0906733 Constraint violation = 1.3937e-06
[2026-09-30 00:29:07.453] [cout] [info] time = 0.09 Performance = 0.0906733 Constraint violation = 1.3937e-06
[2026-09-30 00:29:07.456] [cout] [info] time = 0.1 Performance = 0.0906733 Constraint violation = 1.3937e-06
[2026-09-30 00:29:07.459] [cout] [info] time = 0.11 Performance = 0.0906733 Constraint violation = 1.3937e-06
[2026-09-30 00:29:07.462] [cout] [info] time = 0.12 Performance = 0.0906733 Constraint violation = 1.3937e-06
[2026-09-30 00:29:07.466] [cout] [info] time = 0.13 Performance = 0.0906733 Constraint violation = 1.3937e-06
[2026-09-30 00:29:07.469] [cout] [info] time = 0.14 Performance = 0.0906733 Constraint violation = 1.3937e-06
[2026-09-30 00:29:07.472] [cout] [info] time = 0.15 Performance = 0.0906733 Constraint violation = 1.3937e-06
[2026-09-30 00:29:07.475] [cout] [info] time = 0.16 Performance = 0.0906733 Constraint violation = 1.3937e-06
[2026-09-30 00:29:07.478] [cout] [info] time = 0.17 Performance = 0.0906733 Constraint violation = 1.3937e-06
[2026-09-30 00:29:07.482] [cout] [info] time = 0.18 Performance = 0.0906733 Constraint violation = 1.3937e-06
[2026-09-30 00:29:07.486] [cout] [info] time = 0.19 Performance = 0.0906733 Constraint violation = 1.3937e-06
[2026-09-30 00:29:07.489] [cout] [info] time = 0.2 Performance = 0.0906733 Constraint violation = 1.3937e-06
[2026-09-30 00:29:07.489] [info] Printing results of investigation teaching to docs/explainer/native-so-evidence/load_2N
